0 verbose cli /usr/local/bin/node /usr/local/bin/npm
1 info using npm@10.9.3
2 info using node@v22.19.0
3 silly config load:file:/usr/local/lib/node_modules/npm/npmrc
4 silly config load:file:/Users/murilovieira/Documents/Projeto-Hexis/.npmrc
5 silly config load:file:/Users/murilovieira/.npmrc
6 silly config load:file:/Users/murilovieira/.npm-global/etc/npmrc
7 verbose title npm install @supabase/supabase-js@latest @supabase/ssr@latest typescript@latest @types/node@latest @types/react@latest @types/react-dom@latest
8 verbose argv "install" "@supabase/supabase-js@latest" "@supabase/ssr@latest" "typescript@latest" "@types/node@latest" "@types/react@latest" "@types/react-dom@latest" "--cache" "./.npm-cache"
9 verbose logfile logs-max:10 dir:/Users/murilovieira/Documents/Projeto-Hexis/.npm-cache/_logs/2026-01-12T20_29_19_463Z-
10 verbose logfile /Users/murilovieira/Documents/Projeto-Hexis/.npm-cache/_logs/2026-01-12T20_29_19_463Z-debug-0.log
11 silly logfile done cleaning log files
12 silly packumentCache heap:2197815296 maxSize:549453824 maxEntrySize:274726912
13 silly packumentCache corgi:https://registry.npmjs.org/@supabase%2fsupabase-js cache-miss
14 silly packumentCache corgi:https://registry.npmjs.org/@supabase%2fssr cache-miss
15 silly packumentCache corgi:https://registry.npmjs.org/typescript cache-miss
16 silly packumentCache corgi:https://registry.npmjs.org/@types%2fnode cache-miss
17 silly packumentCache corgi:https://registry.npmjs.org/@types%2freact cache-miss
18 silly packumentCache corgi:https://registry.npmjs.org/@types%2freact-dom cache-miss
19 http cache https://registry.npmjs.org/@supabase%2fssr 71ms (cache hit)
20 silly packumentCache corgi:https://registry.npmjs.org/@supabase%2fssr set size:52221 disposed:false
21 http fetch GET 200 https://registry.npmjs.org/@types%2freact 273ms (cache miss)
22 silly packumentCache corgi:https://registry.npmjs.org/@types%2freact set size:undefined disposed:false
23 http fetch GET 200 https://registry.npmjs.org/@types%2freact-dom 293ms (cache miss)
24 silly packumentCache corgi:https://registry.npmjs.org/@types%2freact-dom set size:undefined disposed:false
25 http fetch GET 200 https://registry.npmjs.org/@types%2fnode 448ms (cache miss)
26 silly packumentCache corgi:https://registry.npmjs.org/@types%2fnode set size:undefined disposed:false
27 http fetch GET 200 https://registry.npmjs.org/@supabase%2fsupabase-js 487ms (cache miss)
28 silly packumentCache corgi:https://registry.npmjs.org/@supabase%2fsupabase-js set size:undefined disposed:false
29 http fetch GET 200 https://registry.npmjs.org/typescript 498ms (cache miss)
30 silly packumentCache corgi:https://registry.npmjs.org/typescript set size:undefined disposed:false
31 silly idealTree buildDeps
32 silly fetch manifest @supabase/ssr@0.8.0
33 silly packumentCache full:https://registry.npmjs.org/@supabase%2fssr cache-miss
34 http cache https://registry.npmjs.org/@supabase%2fssr 28ms (cache hit)
35 silly packumentCache full:https://registry.npmjs.org/@supabase%2fssr set size:148950 disposed:false
36 silly fetch manifest @supabase/supabase-js@2.90.1
37 silly packumentCache full:https://registry.npmjs.org/@supabase%2fsupabase-js cache-miss
38 http cache https://registry.npmjs.org/@supabase%2fsupabase-js 39ms (cache hit)
39 silly packumentCache full:https://registry.npmjs.org/@supabase%2fsupabase-js set size:2389628 disposed:false
40 silly fetch manifest @types/node@25.0.6
41 silly packumentCache full:https://registry.npmjs.org/@types%2fnode cache-miss
42 http cache https://registry.npmjs.org/@types%2fnode 27ms (cache hit)
43 silly packumentCache full:https://registry.npmjs.org/@types%2fnode set size:10765460 disposed:false
44 silly fetch manifest @types/react@19.2.8
45 silly packumentCache full:https://registry.npmjs.org/@types%2freact cache-miss
46 http cache https://registry.npmjs.org/@types%2freact 15ms (cache hit)
47 silly packumentCache full:https://registry.npmjs.org/@types%2freact set size:2546526 disposed:false
48 silly fetch manifest @types/react-dom@19.2.3
49 silly packumentCache full:https://registry.npmjs.org/@types%2freact-dom cache-miss
50 http cache https://registry.npmjs.org/@types%2freact-dom 3ms (cache hit)
51 silly packumentCache full:https://registry.npmjs.org/@types%2freact-dom set size:429026 disposed:false
52 silly fetch manifest typescript@5.9.3
53 silly packumentCache full:https://registry.npmjs.org/typescript cache-miss
54 http cache https://registry.npmjs.org/typescript 33ms (cache hit)
55 silly packumentCache full:https://registry.npmjs.org/typescript set size:15118333 disposed:false
56 silly placeDep ROOT @supabase/ssr@0.8.0 REPLACE for: projeto-hexis@0.1.0 want: 0.8.0
57 silly placeDep ROOT @supabase/supabase-js@2.90.1 REPLACE for: projeto-hexis@0.1.0 want: 2.90.1
58 silly placeDep ROOT @types/node@25.0.6 REPLACE for: projeto-hexis@0.1.0 want: 25.0.6
59 silly placeDep ROOT @types/react@19.2.8 REPLACE for: projeto-hexis@0.1.0 want: 19.2.8
60 silly placeDep ROOT @types/react-dom@19.2.3 REPLACE for: projeto-hexis@0.1.0 want: 19.2.3
61 silly placeDep ROOT typescript@5.9.3 REPLACE for: projeto-hexis@0.1.0 want: 5.9.3
62 silly fetch manifest cookie@^1.0.2
63 silly packumentCache full:https://registry.npmjs.org/cookie cache-miss
64 silly fetch manifest undici-types@~7.16.0
65 silly packumentCache full:https://registry.npmjs.org/undici-types cache-miss
66 http cache https://registry.npmjs.org/undici-types 7ms (cache hit)
67 silly packumentCache full:https://registry.npmjs.org/undici-types set size:159252 disposed:false
68 http cache https://registry.npmjs.org/cookie 9ms (cache hit)
69 silly packumentCache full:https://registry.npmjs.org/cookie set size:72891 disposed:false
70 silly placeDep ROOT cookie@1.1.1 OK for: @supabase/ssr@0.8.0 want: ^1.0.2
71 silly placeDep ROOT undici-types@7.16.0 OK for: @types/node@25.0.6 want: ~7.16.0
72 silly reify mark retired [
72 silly reify   '/Users/murilovieira/Documents/Projeto-Hexis/node_modules/@supabase/ssr'
72 silly reify ]
73 silly reify mark retired [
73 silly reify   '/Users/murilovieira/Documents/Projeto-Hexis/node_modules/@types/node'
73 silly reify ]
74 silly reify mark retired [
74 silly reify   '/Users/murilovieira/Documents/Projeto-Hexis/node_modules/@types/prop-types'
74 silly reify ]
75 silly reify mark retired [
75 silly reify   '/Users/murilovieira/Documents/Projeto-Hexis/node_modules/@types/react'
75 silly reify ]
76 silly reify mark retired [
76 silly reify   '/Users/murilovieira/Documents/Projeto-Hexis/node_modules/@types/react-dom'
76 silly reify ]
77 silly reify mark retired [ '/Users/murilovieira/Documents/Projeto-Hexis/node_modules/cookie' ]
78 silly reify mark retired [ '/Users/murilovieira/Documents/Projeto-Hexis/node_modules/ramda' ]
79 silly reify mark retired [
79 silly reify   '/Users/murilovieira/Documents/Projeto-Hexis/node_modules/undici-types'
79 silly reify ]
80 silly reify moves {
80 silly reify   '/Users/murilovieira/Documents/Projeto-Hexis/node_modules/@supabase/ssr': '/Users/murilovieira/Documents/Projeto-Hexis/node_modules/@supabase/.ssr-N9r1Ip8m',
80 silly reify   '/Users/murilovieira/Documents/Projeto-Hexis/node_modules/@types/node': '/Users/murilovieira/Documents/Projeto-Hexis/node_modules/@types/.node-kAQIgQr5',
80 silly reify   '/Users/murilovieira/Documents/Projeto-Hexis/node_modules/@types/prop-types': '/Users/murilovieira/Documents/Projeto-Hexis/node_modules/@types/.prop-types-ynyDYiW3',
80 silly reify   '/Users/murilovieira/Documents/Projeto-Hexis/node_modules/@types/react': '/Users/murilovieira/Documents/Projeto-Hexis/node_modules/@types/.react-OPpLfyJj',
80 silly reify   '/Users/murilovieira/Documents/Projeto-Hexis/node_modules/@types/react-dom': '/Users/murilovieira/Documents/Projeto-Hexis/node_modules/@types/.react-dom-3GMzZNt7',
80 silly reify   '/Users/murilovieira/Documents/Projeto-Hexis/node_modules/cookie': '/Users/murilovieira/Documents/Projeto-Hexis/node_modules/.cookie-UjNdZeiU',
80 silly reify   '/Users/murilovieira/Documents/Projeto-Hexis/node_modules/ramda': '/Users/murilovieira/Documents/Projeto-Hexis/node_modules/.ramda-ub3Vbo95',
80 silly reify   '/Users/murilovieira/Documents/Projeto-Hexis/node_modules/undici-types': '/Users/murilovieira/Documents/Projeto-Hexis/node_modules/.undici-types-Ts0GwAxq'
80 silly reify }
81 silly audit bulk request {
81 silly audit   '@emnapi/core': [ '1.8.1' ],
81 silly audit   '@emnapi/runtime': [ '1.8.1' ],
81 silly audit   '@emnapi/wasi-threads': [ '1.1.0' ],
81 silly audit   '@eslint-community/eslint-utils': [ '4.9.1' ],
81 silly audit   '@eslint-community/regexpp': [ '4.12.2' ],
81 silly audit   '@eslint/eslintrc': [ '2.1.4' ],
81 silly audit   '@eslint/js': [ '8.57.1' ],
81 silly audit   '@humanwhocodes/config-array': [ '0.13.0' ],
81 silly audit   '@humanwhocodes/module-importer': [ '1.0.1' ],
81 silly audit   '@humanwhocodes/object-schema': [ '2.0.3' ],
81 silly audit   '@img/colour': [ '1.0.0' ],
81 silly audit   '@img/sharp-darwin-arm64': [ '0.34.5' ],
81 silly audit   '@img/sharp-darwin-x64': [ '0.34.5' ],
81 silly audit   '@img/sharp-libvips-darwin-arm64': [ '1.2.4' ],
81 silly audit   '@img/sharp-libvips-darwin-x64': [ '1.2.4' ],
81 silly audit   '@img/sharp-libvips-linux-arm': [ '1.2.4' ],
81 silly audit   '@img/sharp-libvips-linux-arm64': [ '1.2.4' ],
81 silly audit   '@img/sharp-libvips-linux-ppc64': [ '1.2.4' ],
81 silly audit   '@img/sharp-libvips-linux-riscv64': [ '1.2.4' ],
81 silly audit   '@img/sharp-libvips-linux-s390x': [ '1.2.4' ],
81 silly audit   '@img/sharp-libvips-linux-x64': [ '1.2.4' ],
81 silly audit   '@img/sharp-libvips-linuxmusl-arm64': [ '1.2.4' ],
81 silly audit   '@img/sharp-libvips-linuxmusl-x64': [ '1.2.4' ],
81 silly audit   '@img/sharp-linux-arm': [ '0.34.5' ],
81 silly audit   '@img/sharp-linux-arm64': [ '0.34.5' ],
81 silly audit   '@img/sharp-linux-ppc64': [ '0.34.5' ],
81 silly audit   '@img/sharp-linux-riscv64': [ '0.34.5' ],
81 silly audit   '@img/sharp-linux-s390x': [ '0.34.5' ],
81 silly audit   '@img/sharp-linux-x64': [ '0.34.5' ],
81 silly audit   '@img/sharp-linuxmusl-arm64': [ '0.34.5' ],
81 silly audit   '@img/sharp-linuxmusl-x64': [ '0.34.5' ],
81 silly audit   '@img/sharp-wasm32': [ '0.34.5' ],
81 silly audit   '@img/sharp-win32-arm64': [ '0.34.5' ],
81 silly audit   '@img/sharp-win32-ia32': [ '0.34.5' ],
81 silly audit   '@img/sharp-win32-x64': [ '0.34.5' ],
81 silly audit   '@isaacs/cliui': [ '8.0.2' ],
81 silly audit   'ansi-regex': [ '6.2.2', '5.0.1' ],
81 silly audit   'strip-ansi': [ '7.1.2', '6.0.1' ],
81 silly audit   '@napi-rs/wasm-runtime': [ '0.2.12' ],
81 silly audit   '@next/env': [ '16.1.1' ],
81 silly audit   '@next/eslint-plugin-next': [ '14.2.5' ],
81 silly audit   '@next/swc-darwin-arm64': [ '16.1.1' ],
81 silly audit   '@next/swc-darwin-x64': [ '16.1.1' ],
81 silly audit   '@next/swc-linux-arm64-gnu': [ '16.1.1' ],
81 silly audit   '@next/swc-linux-arm64-musl': [ '16.1.1' ],
81 silly audit   '@next/swc-linux-x64-gnu': [ '16.1.1' ],
81 silly audit   '@next/swc-linux-x64-musl': [ '16.1.1' ],
81 silly audit   '@next/swc-win32-arm64-msvc': [ '16.1.1' ],
81 silly audit   '@next/swc-win32-x64-msvc': [ '16.1.1' ],
81 silly audit   '@nodelib/fs.scandir': [ '2.1.5' ],
81 silly audit   '@nodelib/fs.stat': [ '2.0.5' ],
81 silly audit   '@nodelib/fs.walk': [ '1.2.8' ],
81 silly audit   '@nolyfill/is-core-module': [ '1.0.39' ],
81 silly audit   '@pkgjs/parseargs': [ '0.11.0' ],
81 silly audit   '@rtsao/scc': [ '1.1.0' ],
81 silly audit   '@rushstack/eslint-patch': [ '1.15.0' ],
81 silly audit   '@supabase/auth-js': [ '2.90.1' ],
81 silly audit   '@supabase/functions-js': [ '2.90.1' ],
81 silly audit   '@supabase/postgrest-js': [ '2.90.1' ],
81 silly audit   '@supabase/realtime-js': [ '2.90.1' ],
81 silly audit   '@supabase/storage-js': [ '2.90.1' ],
81 silly audit   '@swc/helpers': [ '0.5.15' ],
81 silly audit   '@tybys/wasm-util': [ '0.10.1' ],
81 silly audit   '@types/json5': [ '0.0.29' ],
81 silly audit   '@types/phoenix': [ '1.6.7' ],
81 silly audit   '@types/ws': [ '8.18.1' ],
81 silly audit   '@typescript-eslint/parser': [ '7.2.0' ],
81 silly audit   '@typescript-eslint/scope-manager': [ '7.2.0' ],
81 silly audit   '@typescript-eslint/types': [ '7.2.0' ],
81 silly audit   '@typescript-eslint/typescript-estree': [ '7.2.0' ],
81 silly audit   'brace-expansion': [ '2.0.2', '1.1.12' ],
81 silly audit   minimatch: [ '9.0.3', '9.0.5', '3.1.2' ],
81 silly audit   '@typescript-eslint/visitor-keys': [ '7.2.0' ],
81 silly audit   '@ungap/structured-clone': [ '1.3.0' ],
81 silly audit   '@unrs/resolver-binding-android-arm-eabi': [ '1.11.1' ],
81 silly audit   '@unrs/resolver-binding-android-arm64': [ '1.11.1' ],
81 silly audit   '@unrs/resolver-binding-darwin-arm64': [ '1.11.1' ],
81 silly audit   '@unrs/resolver-binding-darwin-x64': [ '1.11.1' ],
81 silly audit   '@unrs/resolver-binding-freebsd-x64': [ '1.11.1' ],
81 silly audit   '@unrs/resolver-binding-linux-arm-gnueabihf': [ '1.11.1' ],
81 silly audit   '@unrs/resolver-binding-linux-arm-musleabihf': [ '1.11.1' ],
81 silly audit   '@unrs/resolver-binding-linux-arm64-gnu': [ '1.11.1' ],
81 silly audit   '@unrs/resolver-binding-linux-arm64-musl': [ '1.11.1' ],
81 silly audit   '@unrs/resolver-binding-linux-ppc64-gnu': [ '1.11.1' ],
81 silly audit   '@unrs/resolver-binding-linux-riscv64-gnu': [ '1.11.1' ],
81 silly audit   '@unrs/resolver-binding-linux-riscv64-musl': [ '1.11.1' ],
81 silly audit   '@unrs/resolver-binding-linux-s390x-gnu': [ '1.11.1' ],
81 silly audit   '@unrs/resolver-binding-linux-x64-gnu': [ '1.11.1' ],
81 silly audit   '@unrs/resolver-binding-linux-x64-musl': [ '1.11.1' ],
81 silly audit   '@unrs/resolver-binding-wasm32-wasi': [ '1.11.1' ],
81 silly audit   '@unrs/resolver-binding-win32-arm64-msvc': [ '1.11.1' ],
81 silly audit   '@unrs/resolver-binding-win32-ia32-msvc': [ '1.11.1' ],
81 silly audit   '@unrs/resolver-binding-win32-x64-msvc': [ '1.11.1' ],
81 silly audit   acorn: [ '8.15.0' ],
81 silly audit   'acorn-jsx': [ '5.3.2' ],
81 silly audit   ajv: [ '6.12.6' ],
81 silly audit   'ansi-styles': [ '4.3.0', '6.2.3' ],
81 silly audit   argparse: [ '2.0.1' ],
81 silly audit   'aria-query': [ '5.3.2' ],
81 silly audit   'array-buffer-byte-length': [ '1.0.2' ],
81 silly audit   'array-includes': [ '3.1.9' ],
81 silly audit   'array-union': [ '2.1.0' ],
81 silly audit   'array.prototype.findlast': [ '1.2.5' ],
81 silly audit   'array.prototype.findlastindex': [ '1.2.6' ],
81 silly audit   'array.prototype.flat': [ '1.3.3' ],
81 silly audit   'array.prototype.flatmap': [ '1.3.3' ],
81 silly audit   'array.prototype.tosorted': [ '1.1.4' ],
81 silly audit   'arraybuffer.prototype.slice': [ '1.0.4' ],
81 silly audit   'ast-types-flow': [ '0.0.8' ],
81 silly audit   'async-function': [ '1.0.0' ],
81 silly audit   'available-typed-arrays': [ '1.0.7' ],
81 silly audit   'axe-core': [ '4.11.1' ],
81 silly audit   'axobject-query': [ '4.1.0' ],
81 silly audit   'balanced-match': [ '1.0.2' ],
81 silly audit   'baseline-browser-mapping': [ '2.9.14' ],
81 silly audit   braces: [ '3.0.3' ],
81 silly audit   'call-bind': [ '1.0.8' ],
81 silly audit   'call-bind-apply-helpers': [ '1.0.2' ],
81 silly audit   'call-bound': [ '1.0.4' ],
81 silly audit   callsites: [ '3.1.0' ],
81 silly audit   'caniuse-lite': [ '1.0.30001764' ],
81 silly audit   chalk: [ '4.1.2' ],
81 silly audit   'client-only': [ '0.0.1' ],
81 silly audit   'color-convert': [ '2.0.1' ],
81 silly audit   'color-name': [ '1.1.4' ],
81 silly audit   'concat-map': [ '0.0.1' ],
81 silly audit   'cross-spawn': [ '7.0.6' ],
81 silly audit   csstype: [ '3.2.3' ],
81 silly audit   'damerau-levenshtein': [ '1.0.8' ],
81 silly audit   'data-view-buffer': [ '1.0.2' ],
81 silly audit   'data-view-byte-length': [ '1.0.2' ],
81 silly audit   'data-view-byte-offset': [ '1.0.1' ],
81 silly audit   debug: [ '4.4.3', '3.2.7' ],
81 silly audit   'deep-is': [ '0.1.4' ],
81 silly audit   'define-data-property': [ '1.1.4' ],
81 silly audit   'define-properties': [ '1.2.1' ],
81 silly audit   'detect-libc': [ '2.1.2' ],
81 silly audit   'dir-glob': [ '3.0.1' ],
81 silly audit   doctrine: [ '3.0.0', '2.1.0' ],
81 silly audit   'dunder-proto': [ '1.0.1' ],
81 silly audit   eastasianwidth: [ '0.2.0' ],
81 silly audit   'emoji-regex': [ '9.2.2', '8.0.0' ],
81 silly audit   'es-abstract': [ '1.24.1' ],
81 silly audit   'es-define-property': [ '1.0.1' ],
81 silly audit   'es-errors': [ '1.3.0' ],
81 silly audit   'es-iterator-helpers': [ '1.2.2' ],
81 silly audit   'es-object-atoms': [ '1.1.1' ],
81 silly audit   'es-set-tostringtag': [ '2.1.0' ],
81 silly audit   'es-shim-unscopables': [ '1.1.0' ],
81 silly audit   'es-to-primitive': [ '1.3.0' ],
81 silly audit   'escape-string-regexp': [ '4.0.0' ],
81 silly audit   eslint: [ '8.57.1' ],
81 silly audit   'eslint-config-next': [ '14.2.5' ],
81 silly audit   'eslint-import-resolver-node': [ '0.3.9' ],
81 silly audit   'eslint-import-resolver-typescript': [ '3.10.1' ],
81 silly audit   'eslint-module-utils': [ '2.12.1' ],
81 silly audit   'eslint-plugin-import': [ '2.32.0' ],
81 silly audit   semver: [ '6.3.1', '7.7.3' ],
81 silly audit   'eslint-plugin-jsx-a11y': [ '6.10.2' ],
81 silly audit   'eslint-plugin-react': [ '7.37.5' ],
81 silly audit   'eslint-plugin-react-hooks': [ '5.0.0-canary-7118f5dd7-20230705' ],
81 silly audit   resolve: [ '2.0.0-next.5', '1.22.11' ],
81 silly audit   'eslint-scope': [ '7.2.2' ],
81 silly audit   'eslint-visitor-keys': [ '3.4.3' ],
81 silly audit   espree: [ '9.6.1' ],
81 silly audit   esquery: [ '1.7.0' ],
81 silly audit   esrecurse: [ '4.3.0' ],
81 silly audit   estraverse: [ '5.3.0' ],
81 silly audit   esutils: [ '2.0.3' ],
81 silly audit   'fast-deep-equal': [ '3.1.3' ],
81 silly audit   'fast-glob': [ '3.3.3' ],
81 silly audit   'glob-parent': [ '5.1.2', '6.0.2' ],
81 silly audit   'fast-json-stable-stringify': [ '2.1.0' ],
81 silly audit   'fast-levenshtein': [ '2.0.6' ],
81 silly audit   fastq: [ '1.20.1' ],
81 silly audit   'file-entry-cache': [ '6.0.1' ],
81 silly audit   'fill-range': [ '7.1.1' ],
81 silly audit   'find-up': [ '5.0.0' ],
81 silly audit   'flat-cache': [ '3.2.0' ],
81 silly audit   flatted: [ '3.3.3' ],
81 silly audit   'for-each': [ '0.3.5' ],
81 silly audit   'foreground-child': [ '3.3.1' ],
81 silly audit   'fs.realpath': [ '1.0.0' ],
81 silly audit   'function-bind': [ '1.1.2' ],
81 silly audit   'function.prototype.name': [ '1.1.8' ],
81 silly audit   'functions-have-names': [ '1.2.3' ],
81 silly audit   'generator-function': [ '2.0.1' ],
81 silly audit   'get-intrinsic': [ '1.3.0' ],
81 silly audit   'get-proto': [ '1.0.1' ],
81 silly audit   'get-symbol-description': [ '1.1.0' ],
81 silly audit   'get-tsconfig': [ '4.13.0' ],
81 silly audit   glob: [ '10.3.10', '7.2.3' ],
81 silly audit   globals: [ '13.24.0' ],
81 silly audit   globalthis: [ '1.0.4' ],
81 silly audit   globby: [ '11.1.0' ],
81 silly audit   gopd: [ '1.2.0' ],
81 silly audit   graphemer: [ '1.4.0' ],
81 silly audit   'has-bigints': [ '1.1.0' ],
81 silly audit   'has-flag': [ '4.0.0' ],
81 silly audit   'has-property-descriptors': [ '1.0.2' ],
81 silly audit   'has-proto': [ '1.2.0' ],
81 silly audit   'has-symbols': [ '1.1.0' ],
81 silly audit   'has-tostringtag': [ '1.0.2' ],
81 silly audit   hasown: [ '2.0.2' ],
81 silly audit   'iceberg-js': [ '0.8.1' ],
81 silly audit   ignore: [ '5.3.2' ],
81 silly audit   'import-fresh': [ '3.3.1' ],
81 silly audit   imurmurhash: [ '0.1.4' ],
81 silly audit   inflight: [ '1.0.6' ],
81 silly audit   inherits: [ '2.0.4' ],
81 silly audit   'internal-slot': [ '1.1.0' ],
81 silly audit   'is-array-buffer': [ '3.0.5' ],
81 silly audit   'is-async-function': [ '2.1.1' ],
81 silly audit   'is-bigint': [ '1.1.0' ],
81 silly audit   'is-boolean-object': [ '1.2.2' ],
81 silly audit   'is-bun-module': [ '2.0.0' ],
81 silly audit   'is-callable': [ '1.2.7' ],
81 silly audit   'is-core-module': [ '2.16.1' ],
81 silly audit   'is-data-view': [ '1.0.2' ],
81 silly audit   'is-date-object': [ '1.1.0' ],
81 silly audit   'is-extglob': [ '2.1.1' ],
81 silly audit   'is-finalizationregistry': [ '1.1.1' ],
81 silly audit   'is-fullwidth-code-point': [ '3.0.0' ],
81 silly audit   'is-generator-function': [ '1.1.2' ],
81 silly audit   'is-glob': [ '4.0.3' ],
81 silly audit   'is-map': [ '2.0.3' ],
81 silly audit   'is-negative-zero': [ '2.0.3' ],
81 silly audit   'is-number': [ '7.0.0' ],
81 silly audit   'is-number-object': [ '1.1.1' ],
81 silly audit   'is-path-inside': [ '3.0.3' ],
81 silly audit   'is-regex': [ '1.2.1' ],
81 silly audit   'is-set': [ '2.0.3' ],
81 silly audit   'is-shared-array-buffer': [ '1.0.4' ],
81 silly audit   'is-string': [ '1.1.1' ],
81 silly audit   'is-symbol': [ '1.1.1' ],
81 silly audit   'is-typed-array': [ '1.1.15' ],
81 silly audit   'is-weakmap': [ '2.0.2' ],
81 silly audit   'is-weakref': [ '1.1.1' ],
81 silly audit   'is-weakset': [ '2.0.4' ],
81 silly audit   isarray: [ '2.0.5' ],
81 silly audit   isexe: [ '2.0.0' ],
81 silly audit   'iterator.prototype': [ '1.1.5' ],
81 silly audit   jackspeak: [ '2.3.6' ],
81 silly audit   'js-tokens': [ '4.0.0' ],
81 silly audit   'js-yaml': [ '4.1.1' ],
81 silly audit   'json-buffer': [ '3.0.1' ],
81 silly audit   'json-schema-traverse': [ '0.4.1' ],
81 silly audit   'json-stable-stringify-without-jsonify': [ '1.0.1' ],
81 silly audit   json5: [ '1.0.2' ],
81 silly audit   'jsx-ast-utils': [ '3.3.5' ],
81 silly audit   keyv: [ '4.5.4' ],
81 silly audit   'language-subtag-registry': [ '0.3.23' ],
81 silly audit   'language-tags': [ '1.0.9' ],
81 silly audit   levn: [ '0.4.1' ],
81 silly audit   'locate-path': [ '6.0.0' ],
81 silly audit   'lodash.merge': [ '4.6.2' ],
81 silly audit   'loose-envify': [ '1.4.0' ],
81 silly audit   'lru-cache': [ '10.4.3' ],
81 silly audit   'math-intrinsics': [ '1.1.0' ],
81 silly audit   merge2: [ '1.4.1' ],
81 silly audit   micromatch: [ '4.0.8' ],
81 silly audit   minimist: [ '1.2.8' ],
81 silly audit   minipass: [ '7.1.2' ],
81 silly audit   ms: [ '2.1.3' ],
81 silly audit   nanoid: [ '3.3.11' ],
81 silly audit   'napi-postinstall': [ '0.3.4' ],
81 silly audit   'natural-compare': [ '1.4.0' ],
81 silly audit   next: [ '16.1.1' ],
81 silly audit   'object-assign': [ '4.1.1' ],
81 silly audit   'object-inspect': [ '1.13.4' ],
81 silly audit   'object-keys': [ '1.1.1' ],
81 silly audit   'object.assign': [ '4.1.7' ],
81 silly audit   'object.entries': [ '1.1.9' ],
81 silly audit   'object.fromentries': [ '2.0.8' ],
81 silly audit   'object.groupby': [ '1.0.3' ],
81 silly audit   'object.values': [ '1.2.1' ],
81 silly audit   once: [ '1.4.0' ],
81 silly audit   optionator: [ '0.9.4' ],
81 silly audit   'own-keys': [ '1.0.1' ],
81 silly audit   'p-limit': [ '3.1.0' ],
81 silly audit   'p-locate': [ '5.0.0' ],
81 silly audit   'parent-module': [ '1.0.1' ],
81 silly audit   'path-exists': [ '4.0.0' ],
81 silly audit   'path-is-absolute': [ '1.0.1' ],
81 silly audit   'path-key': [ '3.1.1' ],
81 silly audit   'path-parse': [ '1.0.7' ],
81 silly audit   'path-scurry': [ '1.11.1' ],
81 silly audit   'path-type': [ '4.0.0' ],
81 silly audit   picocolors: [ '1.1.1' ],
81 silly audit   picomatch: [ '2.3.1', '4.0.3' ],
81 silly audit   'possible-typed-array-names': [ '1.1.0' ],
81 silly audit   postcss: [ '8.4.31' ],
81 silly audit   'prelude-ls': [ '1.2.1' ],
81 silly audit   'prop-types': [ '15.8.1' ],
81 silly audit   punycode: [ '2.3.1' ],
81 silly audit   'queue-microtask': [ '1.2.3' ],
81 silly audit   react: [ '19.2.3' ],
81 silly audit   'react-dom': [ '19.2.3' ],
81 silly audit   'react-is': [ '16.13.1' ],
81 silly audit   'reflect.getprototypeof': [ '1.0.10' ],
81 silly audit   'regexp.prototype.flags': [ '1.5.4' ],
81 silly audit   'resolve-from': [ '4.0.0' ],
81 silly audit   'resolve-pkg-maps': [ '1.0.0' ],
81 silly audit   reusify: [ '1.1.0' ],
81 silly audit   rimraf: [ '3.0.2' ],
81 silly audit   'run-parallel': [ '1.2.0' ],
81 silly audit   'safe-array-concat': [ '1.1.3' ],
81 silly audit   'safe-push-apply': [ '1.0.0' ],
81 silly audit   'safe-regex-test': [ '1.1.0' ],
81 silly audit   scheduler: [ '0.27.0' ],
81 silly audit   'set-function-length': [ '1.2.2' ],
81 silly audit   'set-function-name': [ '2.0.2' ],
81 silly audit   'set-proto': [ '1.0.0' ],
81 silly audit   sharp: [ '0.34.5' ],
81 silly audit   'shebang-command': [ '2.0.0' ],
81 silly audit   'shebang-regex': [ '3.0.0' ],
81 silly audit   'side-channel': [ '1.1.0' ],
81 silly audit   'side-channel-list': [ '1.0.0' ],
81 silly audit   'side-channel-map': [ '1.0.1' ],
81 silly audit   'side-channel-weakmap': [ '1.0.2' ],
81 silly audit   'signal-exit': [ '4.1.0' ],
81 silly audit   slash: [ '3.0.0' ],
81 silly audit   'source-map-js': [ '1.2.1' ],
81 silly audit   'stable-hash': [ '0.0.5' ],
81 silly audit   'stop-iteration-iterator': [ '1.1.0' ],
81 silly audit   'string-width': [ '5.1.2', '4.2.3' ],
81 silly audit   'string.prototype.includes': [ '2.0.1' ],
81 silly audit   'string.prototype.matchall': [ '4.0.12' ],
81 silly audit   'string.prototype.repeat': [ '1.0.0' ],
81 silly audit   'string.prototype.trim': [ '1.2.10' ],
81 silly audit   'string.prototype.trimend': [ '1.0.9' ],
81 silly audit   'string.prototype.trimstart': [ '1.0.8' ],
81 silly audit   'strip-bom': [ '3.0.0' ],
81 silly audit   'strip-json-comments': [ '3.1.1' ],
81 silly audit   'styled-jsx': [ '5.1.6' ],
81 silly audit   'supports-color': [ '7.2.0' ],
81 silly audit   'supports-preserve-symlinks-flag': [ '1.0.0' ],
81 silly audit   'text-table': [ '0.2.0' ],
81 silly audit   tinyglobby: [ '0.2.15' ],
81 silly audit   fdir: [ '6.5.0' ],
81 silly audit   'to-regex-range': [ '5.0.1' ],
81 silly audit   'ts-api-utils': [ '1.4.3' ],
81 silly audit   'tsconfig-paths': [ '3.15.0' ],
81 silly audit   tslib: [ '2.8.1' ],
81 silly audit   'type-check': [ '0.4.0' ],
81 silly audit   'type-fest': [ '0.20.2' ],
81 silly audit   'typed-array-buffer': [ '1.0.3' ],
81 silly audit   'typed-array-byte-length': [ '1.0.3' ],
81 silly audit   'typed-array-byte-offset': [ '1.0.4' ],
81 silly audit   'typed-array-length': [ '1.0.7' ],
81 silly audit   'unbox-primitive': [ '1.1.0' ],
81 silly audit   'unrs-resolver': [ '1.11.1' ],
81 silly audit   'uri-js': [ '4.4.1' ],
81 silly audit   which: [ '2.0.2' ],
81 silly audit   'which-boxed-primitive': [ '1.1.1' ],
81 silly audit   'which-builtin-type': [ '1.2.1' ],
81 silly audit   'which-collection': [ '1.0.2' ],
81 silly audit   'which-typed-array': [ '1.1.19' ],
81 silly audit   'word-wrap': [ '1.2.5' ],
81 silly audit   'wrap-ansi': [ '8.1.0', '7.0.0' ],
81 silly audit   wrappy: [ '1.0.2' ],
81 silly audit   ws: [ '8.19.0' ],
81 silly audit   'yocto-queue': [ '0.1.0' ],
81 silly audit   '@supabase/ssr': [ '0.8.0' ],
81 silly audit   '@supabase/supabase-js': [ '2.90.1' ],
81 silly audit   '@types/node': [ '25.0.6' ],
81 silly audit   '@types/react': [ '19.2.8' ],
81 silly audit   '@types/react-dom': [ '19.2.3' ],
81 silly audit   typescript: [ '5.9.3' ],
81 silly audit   cookie: [ '1.1.1' ],
81 silly audit   'undici-types': [ '7.16.0' ]
81 silly audit }
82 verbose reify failed optional dependency /Users/murilovieira/Documents/Projeto-Hexis/node_modules/@unrs/resolver-binding-win32-x64-msvc
83 silly reify mark deleted [
83 silly reify   '/Users/murilovieira/Documents/Projeto-Hexis/node_modules/@unrs/resolver-binding-win32-x64-msvc'
83 silly reify ]
84 verbose reify failed optional dependency /Users/murilovieira/Documents/Projeto-Hexis/node_modules/@unrs/resolver-binding-win32-ia32-msvc
85 silly reify mark deleted [
85 silly reify   '/Users/murilovieira/Documents/Projeto-Hexis/node_modules/@unrs/resolver-binding-win32-ia32-msvc'
85 silly reify ]
86 verbose reify failed optional dependency /Users/murilovieira/Documents/Projeto-Hexis/node_modules/@unrs/resolver-binding-win32-arm64-msvc
87 silly reify mark deleted [
87 silly reify   '/Users/murilovieira/Documents/Projeto-Hexis/node_modules/@unrs/resolver-binding-win32-arm64-msvc'
87 silly reify ]
88 verbose reify failed optional dependency /Users/murilovieira/Documents/Projeto-Hexis/node_modules/@unrs/resolver-binding-wasm32-wasi
89 silly reify mark deleted [
89 silly reify   '/Users/murilovieira/Documents/Projeto-Hexis/node_modules/@unrs/resolver-binding-wasm32-wasi'
89 silly reify ]
90 verbose reify failed optional dependency /Users/murilovieira/Documents/Projeto-Hexis/node_modules/@napi-rs/wasm-runtime
91 silly reify mark deleted [
91 silly reify   '/Users/murilovieira/Documents/Projeto-Hexis/node_modules/@napi-rs/wasm-runtime'
91 silly reify ]
92 verbose reify failed optional dependency /Users/murilovieira/Documents/Projeto-Hexis/node_modules/@emnapi/core
93 silly reify mark deleted [
93 silly reify   '/Users/murilovieira/Documents/Projeto-Hexis/node_modules/@emnapi/core'
93 silly reify ]
94 verbose reify failed optional dependency /Users/murilovieira/Documents/Projeto-Hexis/node_modules/@tybys/wasm-util
95 silly reify mark deleted [
95 silly reify   '/Users/murilovieira/Documents/Projeto-Hexis/node_modules/@tybys/wasm-util'
95 silly reify ]
96 verbose reify failed optional dependency /Users/murilovieira/Documents/Projeto-Hexis/node_modules/@emnapi/wasi-threads
97 silly reify mark deleted [
97 silly reify   '/Users/murilovieira/Documents/Projeto-Hexis/node_modules/@emnapi/wasi-threads'
97 silly reify ]
98 verbose reify failed optional dependency /Users/murilovieira/Documents/Projeto-Hexis/node_modules/@unrs/resolver-binding-linux-x64-musl
99 silly reify mark deleted [
99 silly reify   '/Users/murilovieira/Documents/Projeto-Hexis/node_modules/@unrs/resolver-binding-linux-x64-musl'
99 silly reify ]
100 verbose reify failed optional dependency /Users/murilovieira/Documents/Projeto-Hexis/node_modules/@unrs/resolver-binding-linux-x64-gnu
101 silly reify mark deleted [
101 silly reify   '/Users/murilovieira/Documents/Projeto-Hexis/node_modules/@unrs/resolver-binding-linux-x64-gnu'
101 silly reify ]
102 verbose reify failed optional dependency /Users/murilovieira/Documents/Projeto-Hexis/node_modules/@unrs/resolver-binding-linux-s390x-gnu
103 silly reify mark deleted [
103 silly reify   '/Users/murilovieira/Documents/Projeto-Hexis/node_modules/@unrs/resolver-binding-linux-s390x-gnu'
103 silly reify ]
104 verbose reify failed optional dependency /Users/murilovieira/Documents/Projeto-Hexis/node_modules/@unrs/resolver-binding-linux-riscv64-musl
105 silly reify mark deleted [
105 silly reify   '/Users/murilovieira/Documents/Projeto-Hexis/node_modules/@unrs/resolver-binding-linux-riscv64-musl'
105 silly reify ]
106 verbose reify failed optional dependency /Users/murilovieira/Documents/Projeto-Hexis/node_modules/@unrs/resolver-binding-linux-riscv64-gnu
107 silly reify mark deleted [
107 silly reify   '/Users/murilovieira/Documents/Projeto-Hexis/node_modules/@unrs/resolver-binding-linux-riscv64-gnu'
107 silly reify ]
108 verbose reify failed optional dependency /Users/murilovieira/Documents/Projeto-Hexis/node_modules/@unrs/resolver-binding-linux-ppc64-gnu
109 silly reify mark deleted [
109 silly reify   '/Users/murilovieira/Documents/Projeto-Hexis/node_modules/@unrs/resolver-binding-linux-ppc64-gnu'
109 silly reify ]
110 verbose reify failed optional dependency /Users/murilovieira/Documents/Projeto-Hexis/node_modules/@unrs/resolver-binding-linux-arm64-musl
111 silly reify mark deleted [
111 silly reify   '/Users/murilovieira/Documents/Projeto-Hexis/node_modules/@unrs/resolver-binding-linux-arm64-musl'
111 silly reify ]
112 verbose reify failed optional dependency /Users/murilovieira/Documents/Projeto-Hexis/node_modules/@unrs/resolver-binding-linux-arm64-gnu
113 silly reify mark deleted [
113 silly reify   '/Users/murilovieira/Documents/Projeto-Hexis/node_modules/@unrs/resolver-binding-linux-arm64-gnu'
113 silly reify ]
114 verbose reify failed optional dependency /Users/murilovieira/Documents/Projeto-Hexis/node_modules/@unrs/resolver-binding-linux-arm-musleabihf
115 silly reify mark deleted [
115 silly reify   '/Users/murilovieira/Documents/Projeto-Hexis/node_modules/@unrs/resolver-binding-linux-arm-musleabihf'
115 silly reify ]
116 verbose reify failed optional dependency /Users/murilovieira/Documents/Projeto-Hexis/node_modules/@unrs/resolver-binding-linux-arm-gnueabihf
117 silly reify mark deleted [
117 silly reify   '/Users/murilovieira/Documents/Projeto-Hexis/node_modules/@unrs/resolver-binding-linux-arm-gnueabihf'
117 silly reify ]
118 verbose reify failed optional dependency /Users/murilovieira/Documents/Projeto-Hexis/node_modules/@unrs/resolver-binding-freebsd-x64
119 silly reify mark deleted [
119 silly reify   '/Users/murilovieira/Documents/Projeto-Hexis/node_modules/@unrs/resolver-binding-freebsd-x64'
119 silly reify ]
120 verbose reify failed optional dependency /Users/murilovieira/Documents/Projeto-Hexis/node_modules/@unrs/resolver-binding-darwin-x64
121 silly reify mark deleted [
121 silly reify   '/Users/murilovieira/Documents/Projeto-Hexis/node_modules/@unrs/resolver-binding-darwin-x64'
121 silly reify ]
122 verbose reify failed optional dependency /Users/murilovieira/Documents/Projeto-Hexis/node_modules/@unrs/resolver-binding-android-arm64
123 silly reify mark deleted [
123 silly reify   '/Users/murilovieira/Documents/Projeto-Hexis/node_modules/@unrs/resolver-binding-android-arm64'
123 silly reify ]
124 verbose reify failed optional dependency /Users/murilovieira/Documents/Projeto-Hexis/node_modules/@unrs/resolver-binding-android-arm-eabi
125 silly reify mark deleted [
125 silly reify   '/Users/murilovieira/Documents/Projeto-Hexis/node_modules/@unrs/resolver-binding-android-arm-eabi'
125 silly reify ]
126 verbose reify failed optional dependency /Users/murilovieira/Documents/Projeto-Hexis/node_modules/@next/swc-win32-x64-msvc
127 silly reify mark deleted [
127 silly reify   '/Users/murilovieira/Documents/Projeto-Hexis/node_modules/@next/swc-win32-x64-msvc'
127 silly reify ]
128 verbose reify failed optional dependency /Users/murilovieira/Documents/Projeto-Hexis/node_modules/@next/swc-win32-arm64-msvc
129 silly reify mark deleted [
129 silly reify   '/Users/murilovieira/Documents/Projeto-Hexis/node_modules/@next/swc-win32-arm64-msvc'
129 silly reify ]
130 verbose reify failed optional dependency /Users/murilovieira/Documents/Projeto-Hexis/node_modules/@next/swc-linux-x64-musl
131 silly reify mark deleted [
131 silly reify   '/Users/murilovieira/Documents/Projeto-Hexis/node_modules/@next/swc-linux-x64-musl'
131 silly reify ]
132 verbose reify failed optional dependency /Users/murilovieira/Documents/Projeto-Hexis/node_modules/@next/swc-linux-x64-gnu
133 silly reify mark deleted [
133 silly reify   '/Users/murilovieira/Documents/Projeto-Hexis/node_modules/@next/swc-linux-x64-gnu'
133 silly reify ]
134 verbose reify failed optional dependency /Users/murilovieira/Documents/Projeto-Hexis/node_modules/@next/swc-linux-arm64-musl
135 silly reify mark deleted [
135 silly reify   '/Users/murilovieira/Documents/Projeto-Hexis/node_modules/@next/swc-linux-arm64-musl'
135 silly reify ]
136 verbose reify failed optional dependency /Users/murilovieira/Documents/Projeto-Hexis/node_modules/@next/swc-linux-arm64-gnu
137 silly reify mark deleted [
137 silly reify   '/Users/murilovieira/Documents/Projeto-Hexis/node_modules/@next/swc-linux-arm64-gnu'
137 silly reify ]
138 verbose reify failed optional dependency /Users/murilovieira/Documents/Projeto-Hexis/node_modules/@next/swc-darwin-x64
139 silly reify mark deleted [
139 silly reify   '/Users/murilovieira/Documents/Projeto-Hexis/node_modules/@next/swc-darwin-x64'
139 silly reify ]
140 verbose reify failed optional dependency /Users/murilovieira/Documents/Projeto-Hexis/node_modules/@img/sharp-win32-x64
141 silly reify mark deleted [
141 silly reify   '/Users/murilovieira/Documents/Projeto-Hexis/node_modules/@img/sharp-win32-x64'
141 silly reify ]
142 verbose reify failed optional dependency /Users/murilovieira/Documents/Projeto-Hexis/node_modules/@img/sharp-win32-ia32
143 silly reify mark deleted [
143 silly reify   '/Users/murilovieira/Documents/Projeto-Hexis/node_modules/@img/sharp-win32-ia32'
143 silly reify ]
144 verbose reify failed optional dependency /Users/murilovieira/Documents/Projeto-Hexis/node_modules/@img/sharp-win32-arm64
145 silly reify mark deleted [
145 silly reify   '/Users/murilovieira/Documents/Projeto-Hexis/node_modules/@img/sharp-win32-arm64'
145 silly reify ]
146 verbose reify failed optional dependency /Users/murilovieira/Documents/Projeto-Hexis/node_modules/@img/sharp-wasm32
147 silly reify mark deleted [
147 silly reify   '/Users/murilovieira/Documents/Projeto-Hexis/node_modules/@img/sharp-wasm32'
147 silly reify ]
148 verbose reify failed optional dependency /Users/murilovieira/Documents/Projeto-Hexis/node_modules/@img/sharp-linuxmusl-x64
149 silly reify mark deleted [
149 silly reify   '/Users/murilovieira/Documents/Projeto-Hexis/node_modules/@img/sharp-linuxmusl-x64'
149 silly reify ]
150 verbose reify failed optional dependency /Users/murilovieira/Documents/Projeto-Hexis/node_modules/@img/sharp-linuxmusl-arm64
151 silly reify mark deleted [
151 silly reify   '/Users/murilovieira/Documents/Projeto-Hexis/node_modules/@img/sharp-linuxmusl-arm64'
151 silly reify ]
152 verbose reify failed optional dependency /Users/murilovieira/Documents/Projeto-Hexis/node_modules/@img/sharp-linux-x64
153 silly reify mark deleted [
153 silly reify   '/Users/murilovieira/Documents/Projeto-Hexis/node_modules/@img/sharp-linux-x64'
153 silly reify ]
154 verbose reify failed optional dependency /Users/murilovieira/Documents/Projeto-Hexis/node_modules/@img/sharp-linux-s390x
155 silly reify mark deleted [
155 silly reify   '/Users/murilovieira/Documents/Projeto-Hexis/node_modules/@img/sharp-linux-s390x'
155 silly reify ]
156 verbose reify failed optional dependency /Users/murilovieira/Documents/Projeto-Hexis/node_modules/@img/sharp-linux-riscv64
157 silly reify mark deleted [
157 silly reify   '/Users/murilovieira/Documents/Projeto-Hexis/node_modules/@img/sharp-linux-riscv64'
157 silly reify ]
158 verbose reify failed optional dependency /Users/murilovieira/Documents/Projeto-Hexis/node_modules/@img/sharp-linux-ppc64
159 silly reify mark deleted [
159 silly reify   '/Users/murilovieira/Documents/Projeto-Hexis/node_modules/@img/sharp-linux-ppc64'
159 silly reify ]
160 verbose reify failed optional dependency /Users/murilovieira/Documents/Projeto-Hexis/node_modules/@img/sharp-linux-arm64
161 silly reify mark deleted [
161 silly reify   '/Users/murilovieira/Documents/Projeto-Hexis/node_modules/@img/sharp-linux-arm64'
161 silly reify ]
162 verbose reify failed optional dependency /Users/murilovieira/Documents/Projeto-Hexis/node_modules/@img/sharp-linux-arm
163 silly reify mark deleted [
163 silly reify   '/Users/murilovieira/Documents/Projeto-Hexis/node_modules/@img/sharp-linux-arm'
163 silly reify ]
164 verbose reify failed optional dependency /Users/murilovieira/Documents/Projeto-Hexis/node_modules/@img/sharp-libvips-linuxmusl-x64
165 silly reify mark deleted [
165 silly reify   '/Users/murilovieira/Documents/Projeto-Hexis/node_modules/@img/sharp-libvips-linuxmusl-x64'
165 silly reify ]
166 verbose reify failed optional dependency /Users/murilovieira/Documents/Projeto-Hexis/node_modules/@img/sharp-libvips-linuxmusl-arm64
167 silly reify mark deleted [
167 silly reify   '/Users/murilovieira/Documents/Projeto-Hexis/node_modules/@img/sharp-libvips-linuxmusl-arm64'
167 silly reify ]
168 verbose reify failed optional dependency /Users/murilovieira/Documents/Projeto-Hexis/node_modules/@img/sharp-libvips-linux-x64
169 silly reify mark deleted [
169 silly reify   '/Users/murilovieira/Documents/Projeto-Hexis/node_modules/@img/sharp-libvips-linux-x64'
169 silly reify ]
170 verbose reify failed optional dependency /Users/murilovieira/Documents/Projeto-Hexis/node_modules/@img/sharp-libvips-linux-s390x
171 silly reify mark deleted [
171 silly reify   '/Users/murilovieira/Documents/Projeto-Hexis/node_modules/@img/sharp-libvips-linux-s390x'
171 silly reify ]
172 verbose reify failed optional dependency /Users/murilovieira/Documents/Projeto-Hexis/node_modules/@img/sharp-libvips-linux-riscv64
173 silly reify mark deleted [
173 silly reify   '/Users/murilovieira/Documents/Projeto-Hexis/node_modules/@img/sharp-libvips-linux-riscv64'
173 silly reify ]
174 verbose reify failed optional dependency /Users/murilovieira/Documents/Projeto-Hexis/node_modules/@img/sharp-libvips-linux-ppc64
175 silly reify mark deleted [
175 silly reify   '/Users/murilovieira/Documents/Projeto-Hexis/node_modules/@img/sharp-libvips-linux-ppc64'
175 silly reify ]
176 verbose reify failed optional dependency /Users/murilovieira/Documents/Projeto-Hexis/node_modules/@img/sharp-libvips-linux-arm64
177 silly reify mark deleted [
177 silly reify   '/Users/murilovieira/Documents/Projeto-Hexis/node_modules/@img/sharp-libvips-linux-arm64'
177 silly reify ]
178 verbose reify failed optional dependency /Users/murilovieira/Documents/Projeto-Hexis/node_modules/@img/sharp-libvips-linux-arm
179 silly reify mark deleted [
179 silly reify   '/Users/murilovieira/Documents/Projeto-Hexis/node_modules/@img/sharp-libvips-linux-arm'
179 silly reify ]
180 verbose reify failed optional dependency /Users/murilovieira/Documents/Projeto-Hexis/node_modules/@img/sharp-libvips-darwin-x64
181 silly reify mark deleted [
181 silly reify   '/Users/murilovieira/Documents/Projeto-Hexis/node_modules/@img/sharp-libvips-darwin-x64'
181 silly reify ]
182 verbose reify failed optional dependency /Users/murilovieira/Documents/Projeto-Hexis/node_modules/@img/sharp-darwin-x64
183 silly reify mark deleted [
183 silly reify   '/Users/murilovieira/Documents/Projeto-Hexis/node_modules/@img/sharp-darwin-x64'
183 silly reify ]
184 http cache undici-types@https://registry.npmjs.org/undici-types/-/undici-types-7.16.0.tgz 0ms (cache hit)
185 http cache @tybys/wasm-util@https://registry.npmjs.org/@tybys/wasm-util/-/wasm-util-0.10.1.tgz 0ms (cache hit)
186 http cache @emnapi/wasi-threads@https://registry.npmjs.org/@emnapi/wasi-threads/-/wasi-threads-1.1.0.tgz 0ms (cache hit)
187 http cache @napi-rs/wasm-runtime@https://registry.npmjs.org/@napi-rs/wasm-runtime/-/wasm-runtime-0.2.12.tgz 0ms (cache hit)
188 http cache @supabase/ssr@https://registry.npmjs.org/@supabase/ssr/-/ssr-0.8.0.tgz 0ms (cache hit)
189 http cache @emnapi/core@https://registry.npmjs.org/@emnapi/core/-/core-1.8.1.tgz 0ms (cache hit)
190 http cache cookie@https://registry.npmjs.org/cookie/-/cookie-1.1.1.tgz 0ms (cache hit)
191 silly tarball no local data for undici-types@https://registry.npmjs.org/undici-types/-/undici-types-7.16.0.tgz. Extracting by manifest.
192 http cache @types/react@https://registry.npmjs.org/@types/react/-/react-19.2.8.tgz 0ms (cache hit)
193 http cache @types/react-dom@https://registry.npmjs.org/@types/react-dom/-/react-dom-19.2.3.tgz 0ms (cache hit)
194 silly tarball no local data for @supabase/ssr@https://registry.npmjs.org/@supabase/ssr/-/ssr-0.8.0.tgz. Extracting by manifest.
195 http cache @types/node@https://registry.npmjs.org/@types/node/-/node-25.0.6.tgz 0ms (cache hit)
196 silly tarball no local data for cookie@https://registry.npmjs.org/cookie/-/cookie-1.1.1.tgz. Extracting by manifest.
197 silly tarball no local data for @types/react@https://registry.npmjs.org/@types/react/-/react-19.2.8.tgz. Extracting by manifest.
198 silly tarball no local data for @types/react-dom@https://registry.npmjs.org/@types/react-dom/-/react-dom-19.2.3.tgz. Extracting by manifest.
199 silly tarball no local data for @types/node@https://registry.npmjs.org/@types/node/-/node-25.0.6.tgz. Extracting by manifest.
200 http fetch GET 200 https://registry.npmjs.org/cookie/-/cookie-1.1.1.tgz 80ms (cache miss)
201 http fetch GET 200 https://registry.npmjs.org/undici-types/-/undici-types-7.16.0.tgz 97ms (cache miss)
202 http fetch GET 200 https://registry.npmjs.org/@types/react/-/react-19.2.8.tgz 98ms (cache miss)
203 http fetch GET 200 https://registry.npmjs.org/@supabase/ssr/-/ssr-0.8.0.tgz 114ms (cache miss)
204 http fetch GET 200 https://registry.npmjs.org/@types/react-dom/-/react-dom-19.2.3.tgz 141ms (cache miss)
205 http fetch GET 200 https://registry.npmjs.org/@types/node/-/node-25.0.6.tgz 182ms (cache miss)
206 http fetch POST 200 https://registry.npmjs.org/-/npm/v1/security/advisories/bulk 248ms
207 silly audit report {
207 silly audit report   glob: [
207 silly audit report     {
207 silly audit report       id: 1109842,
207 silly audit report       url: 'https://github.com/advisories/GHSA-5j98-mcp5-4vw2',
207 silly audit report       title: 'glob CLI: Command injection via -c/--cmd executes matches with shell:true',
207 silly audit report       severity: 'high',
207 silly audit report       vulnerable_versions: '>=10.2.0 <10.5.0',
207 silly audit report       cwe: [Array],
207 silly audit report       cvss: [Object]
207 silly audit report     }
207 silly audit report   ]
207 silly audit report }
208 silly packumentCache corgi:https://registry.npmjs.org/glob cache-miss
209 http cache https://registry.npmjs.org/glob 74ms (cache hit)
210 silly packumentCache corgi:https://registry.npmjs.org/glob set size:159574 disposed:false
211 silly packumentCache corgi:https://registry.npmjs.org/@next%2feslint-plugin-next cache-miss
212 http cache https://registry.npmjs.org/@next%2feslint-plugin-next 77ms (cache hit)
213 silly packumentCache corgi:https://registry.npmjs.org/@next%2feslint-plugin-next set size:3037955 disposed:false
214 silly packumentCache corgi:https://registry.npmjs.org/eslint-config-next cache-miss
215 http cache https://registry.npmjs.org/eslint-config-next 15ms (cache hit)
216 silly packumentCache corgi:https://registry.npmjs.org/eslint-config-next set size:3602879 disposed:false
217 silly ADD
218 silly ADD
219 silly ADD
220 silly ADD
221 silly ADD
222 silly ADD
223 silly ADD
224 silly ADD
225 silly ADD
226 silly ADD
227 silly ADD
228 silly ADD
229 silly ADD
230 silly ADD
231 silly ADD
232 silly ADD
233 silly ADD
234 silly ADD
235 silly ADD
236 silly ADD
237 silly ADD
238 silly ADD
239 silly ADD
240 silly ADD
241 silly ADD
242 silly ADD
243 silly ADD
244 silly ADD
245 silly ADD
246 silly ADD
247 silly ADD
248 silly ADD
249 silly ADD
250 silly ADD
251 silly ADD
252 silly ADD
253 silly ADD
254 silly ADD
255 silly ADD
256 silly ADD
257 silly ADD
258 silly ADD
259 silly ADD
260 silly ADD
261 silly ADD
262 silly ADD
263 silly ADD
264 silly ADD
265 silly ADD
266 silly ADD
267 silly ADD
268 silly CHANGE node_modules/undici-types
269 silly REMOVE node_modules/ramda
270 silly CHANGE node_modules/cookie
271 silly CHANGE node_modules/@types/react-dom
272 silly CHANGE node_modules/@types/react
273 silly REMOVE node_modules/@types/prop-types
274 silly CHANGE node_modules/@types/node
275 silly CHANGE node_modules/@supabase/ssr
276 verbose cwd /Users/murilovieira/Documents/Projeto-Hexis
277 verbose os Darwin 25.1.0
278 verbose node v22.19.0
279 verbose npm  v10.9.3
280 verbose exit 0
281 info ok
